// Vitest Snapshot v1, https://vitest.dev/guide/snapshot.html

exports[`src/__tests__/modals/modal.upload-image-from-link.test.tsx > modal dialog "load an image from a link" > changes it's visibility state > closes when clicking on "close" button: without dialog 1`] = `
"Snapshot Diff:
Compared values have no visual difference."
`;

exports[`src/__tests__/modals/modal.upload-image-from-link.test.tsx > modal dialog "load an image from a link" > changes it's visibility state > closes when clicking on the dialog backdrop: without dialog 1`] = `
"Snapshot Diff:
Compared values have no visual difference."
`;

exports[`src/__tests__/modals/modal.upload-image-from-link.test.tsx > modal dialog "load an image from a link" > changes it's visibility state > closes when pressing on "esc" key: without dialog 1`] = `
"Snapshot Diff:
Compared values have no visual difference."
`;

exports[`src/__tests__/modals/modal.upload-image-from-link.test.tsx > modal dialog "load an image from a link" > changes it's visibility state > opens when clicking on "load an image from a link" button in "choose method to create puzzle" dialog: "load an image from a link" dialog 1`] = `
"Snapshot Diff:
- without dialog
+ with dialog

@@ -453,6 +453,105 @@
            </div>
          </div>
        </aside>
      </main>
    </div>
+   <div>
+     <div
+       aria-label="Load an image from a link"
+       aria-modal="true"
+       class="_Dialog_9b989f _DialogAsDiv_9b989f"
+       role="dialog"
+     >
+       <div
+         class="_DialogBodyContainer_9b989f"
+       >
+         <div
+           aria-hidden="true"
+           aria-label="modal-backdrop"
+           class="_Backdrop_9b989f"
+         />
+         <div
+           class="_DialogBody_9b989f _WithCardForContent_9b989f"
+         >
+           <div
+             class="_CloseIcon_bea9a0"
+           >
+             <button
+               aria-label="close"
+               class="_ActionButton_b70b4c _NoBackground_b70b4c _NoBorder_b70b4c"
+               type="button"
+             >
+               <div
+                 class="_Icon_14488b _DoubleSize_14488b"
+                 data-src="/assets/fa-icons/xmark.svg"
+               >
+                 inline-svg-icon-mock
+               </div>
+             </button>
+           </div>
+           <div
+             class="_DialogContent_9b989f"
+           >
+             <div
+               class="_Content_a024cf"
+             >
+               <h3
+                 class="_Title_a024cf"
+               >
+                 Load an image from a link
+               </h3>
+               <div
+                 class="_MainContent_a024cf"
+               >
+                 <form
+                   class="_ImageUrlForm_1398d0"
+                 >
+                   <div
+                     class="_FormField_1398d0"
+                   >
+                     <input
+                       aria-label="image-link"
+                       class="_Input_1398d0"
+                       name="image-link"
+                       placeholder="https://example.com/image.png"
+                       required=""
+                       type="text"
+                     />
+                     <button
+                       class="_ActionButton_b70b4c _ModalActionButton_b70b4c"
+                       type="submit"
+                     >
+                       Load image
+                     </button>
+                   </div>
+                   <div
+                     aria-label="alternative way to load an image"
+                     class="_Note_51962b"
+                     role="note"
+                   >
+                     also you can 
+                     <a
+                       class="_NoteLink_edcc23"
+                       href="#"
+                     >
+                       upload an image from device
+                     </a>
+                      
+                     <br />
+                     or use one of 
+                     <a
+                       class="_NoteLink_edcc23"
+                       href="#"
+                     >
+                       demo images
+                     </a>
+                   </div>
+                 </form>
+               </div>
+             </div>
+           </div>
+         </div>
+       </div>
+     </div>
+   </div>
  </DocumentFragment>"
`;
